<syntax, (>
<symbol, defparameter>
<symbol, *small*>
<float, 1.0>
<syntax, )>
<syntax, (>
<symbol, defparameter>
<symbol, *big*>
<float, 100.>
<syntax, )>
<syntax, (>
<symbol, defun>
<symbol, guess-my-number>
<syntax, (>
<syntax, )>
<syntax, (>
<symbol, ash>
<syntax, (>
<symbol, +>
<symbol, *small*>
<symbol, *big*>
<syntax, )>
<symbol, -1>
<syntax, )>
<syntax, )>
<syntax, (>
<symbol, defun>
<symbol, smaller>
<syntax, (>
<syntax, )>
<syntax, (>
<symbol, setf>
<symbol, *big*>
<syntax, (>
<number, 1>
<symbol, ->
<syntax, (>
<symbol, guess-my-number>
<syntax, )>
<syntax, )>
<syntax, )>
<syntax, (>
<symbol, guess-my-number>
<syntax, )>
<syntax, )>
<syntax, (>
<symbol, defun>
<symbol, bigger>
<syntax, (>
<syntax, )>
<syntax, (>
<symbol, setf>
<symbol, *small*>
<syntax, (>
<number, 1>
<symbol, +>
<syntax, (>
<symbol, guess-my-number>
<syntax, )>
<syntax, )>
<syntax, )>
<syntax, (>
<symbol, guess-my-number>
<syntax, )>
<syntax, )>
<syntax, (>
<symbol, defun>
<symbol, start-over>
<syntax, (>
<syntax, )>
<syntax, (>
<symbol, defparameter>
<symbol, *small*>
<number, 1>
<syntax, )>
<syntax, (>
<symbol, defparameter>
<symbol, *big*>
<number, 100>
<syntax, )>
<syntax, (>
<symbol, guess-my-number>
<syntax, )>
<syntax, )>
